Windows PowerShell
Copyright (C) 2016 Microsoft Corporation. All rights reserved.

PS Y:\> npm install -g ganache-cli
npm WARN deprecated babel-preset-es2015@6.24.1: ??  Thanks for using Babel: we recommend using babel-preset-env now: ple
ase read babeljs.io/env to update!
npm WARN deprecated nomnom@1.8.1: Package no longer supported. Contact support@npmjs.com for more info.
C:\Users\USER1234\AppData\Roaming\npm\ganache-cli -> C:\Users\USER1234\AppData\Roaming\npm\node_modules\ganache-cl
i\build\cli.node.js
npm WARN webpack-cli@2.0.12 requires a peer of webpack@^4.0.0 but none is installed. You must install peer dependencies
yourself.

+ ganache-cli@6.1.0
updated 1 package in 44.477s
PS Y:\> npm ganache -v
5.6.0

PS Y:\> cd D:\Etherum\

PS D:\Etherum> mkdir my-ico


    Directory: D:\Etherum


Mode                LastWriteTime         Length Name
----                -------------         ------ ----
d-----        3/22/2018   6:52 PM                my-ico


PS D:\Etherum> cd my-ico
PS D:\Etherum\my-ico> truffle init
Downloading...
Unpacking...
Setting up...
Unbox successful. Sweet!

Commands:

  Compile:        truffle compile
  Migrate:        truffle migrate
  Test contracts: truffle test
PS D:\Etherum\my-ico> npm install zeppelin-solidity
npm WARN saveError ENOENT: no such file or directory, open 'D:\Etherum\my-ico\package.json'
npm notice created a lockfile as package-lock.json. You should commit this file.
npm WARN enoent ENOENT: no such file or directory, open 'D:\Etherum\my-ico\package.json'
npm WARN my-ico No description
npm WARN my-ico No repository field.
npm WARN my-ico No README data
npm WARN my-ico No license field.

+ zeppelin-solidity@1.7.0
added 8 packages in 7.202s

PS D:\Etherum\my-ico> New-Item contracts/SahuCoin.sol


    Directory: D:\Etherum\my-ico\contracts


Mode                LastWriteTime         Length Name
----                -------------         ------ ----
-a----        3/22/2018   6:57 PM              0 GustavoCoin.sol


PS D:\Etherum\my-ico> New-Item contracts/SahuCoinCrowdsale.sol


    Directory: D:\Etherum\my-ico\contracts


Mode                LastWriteTime         Length Name
----                -------------         ------ ----
-a----        3/22/2018   7:08 PM              0 SahuCoinCrowdsale.sol


PS D:\Etherum\my-ico> npm truffle compile

Usage: npm <command>

where <command> is one of:
    access, adduser, bin, bugs, c, cache, completion, config,
    ddp, dedupe, deprecate, dist-tag, docs, doctor, edit,
    explore, get, help, help-search, i, init, install,
    install-test, it, link, list, ln, login, logout, ls,
    outdated, owner, pack, ping, prefix, profile, prune,
    publish, rb, rebuild, repo, restart, root, run, run-script,
    s, se, search, set, shrinkwrap, star, stars, start, stop, t,
    team, test, token, tst, un, uninstall, unpublish, unstar,
    up, update, v, version, view, whoami

npm <command> -h     quick help on <command>
npm -l           display full usage info
npm help <term>  search for help on <term>
npm help npm     involved overview

Specify configs in the ini-formatted file:
    C:\Users\USER1234\.npmrc
or on the command line via: npm <command> --key value
Config info can be viewed via: npm help config

npm@5.6.0 C:\Program Files\nodejs\node_modules\npm

Did you mean this?
    profile
PS D:\Etherum\my-ico> truffle compile
Compiling .\contracts\SahuCoin.sol...
Compiling .\contracts\SahuCoinCrowdsale.sol...
Compiling .\contracts\Migrations.sol...
Compiling zeppelin-solidity/contracts/crowdsale/emission/MintedCrowdsale.sol...
Compiling zeppelin-solidity/contracts/crowdsale/validation/TimedCrowdsale.sol...
Compiling zeppelin-solidity/contracts/token/ERC20/MintableToken.sol...
Compiling zeppelin-solidity\contracts\crowdsale\Crowdsale.sol...
Compiling zeppelin-solidity\contracts\math\SafeMath.sol...
Compiling zeppelin-solidity\contracts\ownership\Ownable.sol...
Compiling zeppelin-solidity\contracts\token\ERC20\BasicToken.sol...
Compiling zeppelin-solidity\contracts\token\ERC20\ERC20.sol...
Compiling zeppelin-solidity\contracts\token\ERC20\ERC20Basic.sol...
Compiling zeppelin-solidity\contracts\token\ERC20\MintableToken.sol...
Compiling zeppelin-solidity\contracts\token\ERC20\StandardToken.sol...

Compilation warnings encountered:

zeppelin-solidity/contracts/crowdsale/Crowdsale.sol:112:34: Warning: Unused function parameter. Remove or comment out the variable name to silence this warning.
  function _postValidatePurchase(address _beneficiary, uint256 _weiAmount) internal {
                                 ^------------------^
,zeppelin-solidity/contracts/crowdsale/Crowdsale.sol:112:56: Warning: Unused function parameter. Remove or comment out the variable name to silence this warning.
  function _postValidatePurchase(address _beneficiary, uint256 _weiAmount) internal {
                                                       ^----------------^
,zeppelin-solidity/contracts/crowdsale/Crowdsale.sol:139:35: Warning: Unused function parameter. Remove or comment out the variable name to silence this warning.
  function _updatePurchasingState(address _beneficiary, uint256 _weiAmount) internal {
                                  ^------------------^
,zeppelin-solidity/contracts/crowdsale/Crowdsale.sol:139:57: Warning: Unused function parameter. Remove or comment out the variable name to silence this warning.
  function _updatePurchasingState(address _beneficiary, uint256 _weiAmount) internal {
                                                        ^----------------^
,zeppelin-solidity/contracts/crowdsale/Crowdsale.sol:102:3: Warning: Function state mutability can be restricted to pure
  function _preValidatePurchase(address _beneficiary, uint256 _weiAmount) internal {
  ^
Spanning multiple lines.
,zeppelin-solidity/contracts/crowdsale/Crowdsale.sol:112:3: Warning: Function state mutability can be restricted to pure
  function _postValidatePurchase(address _beneficiary, uint256 _weiAmount) internal {
  ^
Spanning multiple lines.
,zeppelin-solidity/contracts/crowdsale/Crowdsale.sol:139:3: Warning: Function state mutability can be restricted to pure
  function _updatePurchasingState(address _beneficiary, uint256 _weiAmount) internal {
  ^
Spanning multiple lines.

Writing artifacts to .\build\contracts

PS D:\Etherum\my-ico> truffle develop
Truffle Develop started at http://127.0.0.1:9545/

Accounts:
(0) 0x627306090abab3a6e1400e9345bc60c78a8bef57
(1) 0xf17f52151ebef6c7334fad080c5704d77216b732
(2) 0xc5fdf4076b8f3a5357c5e395ab970b5b54098fef
(3) 0x821aea9a577a9b44299b9c15c88cf3087f3b5544
(4) 0x0d1d4e623d10f9fba5db95830f7d3839406c6af2
(5) 0x2932b7a2355d6fecc4b5c0b6bd44cc31df247a2e
(6) 0x2191ef87e392377ec08e7c08eb105ef5448eced5
(7) 0x0f4f2ac550a1b4e2280d04c21cea7ebd822934b5
(8) 0x6330a553fc93768f612722bb8c2ec78ac90b3bbc
(9) 0x5aeda56215b167893e80b4fe645ba6d5bab767de

Private Keys:
(0) c87509a1c067bbde78beb793e6fa76530b6382a4c0241e5e4a9ec0a0f44dc0d3
(1) ae6ae8e5ccbfb04590405997ee2d52d2b330726137b875053c36d94e974d162f
(2) 0dbbe8e4ae425a6d2687f1a7e3ba17bc98c673636790f1b8ad91193c05875ef1
(3) c88b703fb08cbea894b6aeff5a544fb92e78a18e19814cd85da83b71f772aa6c
(4) 388c684f0ba1ef5017716adb5d21a053ea8e90277d0868337519f97bede61418
(5) 659cbb0e2411a44db63778987b1e22153c086a95eb6b18bdf89de078917abc63
(6) 82d052c865f5763aad42add438569276c00d3d88a2d062d36b2bae914d58b8c8
(7) aa3680d5d48a8283413f7a108367c7299ca73f553735860a87b08f39395618b7
(8) 0f62d96d6675f32685bbdb8ac13cda7c23436f63efbb9d07700d8669ff12b7c4
(9) 8d5366123cb560bb606379f90a0bfd4769eecc0557f1b362dcae9012b548b1e5

Mnemonic: candy maple cake sugar pudding cream honey rich smooth crumble sweet treat

??  Important ??  : This mnemonic was created for you by Truffle. It is not secure.
Ensure you do not use it on production blockchains, or else you risk losing funds.

truffle(develop)> truffle migrate
Using network 'develop'.

Running migration: 1_initial_migration.js
  Deploying Migrations...
  ... 0xa38e6663d60238420826e1ecd6917aa23e5c8d5b202108c5c52fcdd58f284fc4
  Migrations: 0x8cdaf0cd259887258bc13a92c0a6da92698644c0
Saving successful migration to network...
  ... 0xd7bc86d31bee32fa3988f1c1eabce403a1b5d570340a3a9cdba53a472ee8c956
Saving artifacts...
Running migration: 2_deploy_contracts.js
  Running step...
  Deploying SahuCoin...
  ... 0x1e6e345fd2fd6c3ab41cd2bb7f4605ab486bf9a73ede55d3595486c7371793a3
  SahuCoin: 0x345ca3e014aaf5dca488057592ee47305d9b3e10
  Deploying SahuCoinCrowdsale...
  ... 0x9d77405523de1e3948f3bef98f45983907af53c68f5e8022ee12231b38ea9207
  SahuCoinCrowdsale: 0xf25186b5081ff5ce73482ad761db0eb0d25abfbf
Saving successful migration to network...
  ... 0x059cf1bbc372b9348ce487de910358801bbbd1c89182853439bec0afaee6c7db
Saving artifacts...

truffle(develop)> purchaser = web3.eth.accounts[2];
'0xc5fdf4076b8f3a5357c5e395ab970b5b54098fef'
truffle(develop)> SahuCoinCrowdsale.deployed().then(inst => { crowdsale = inst });
undefined
truffle(develop)> crowdsale.token().then(addr => { tokenAddress = addr } );
undefined
truffle(develop)> SahuCoinCrowdsale.deployed().then(inst => { crowdsale = inst });
undefined
truffle(develop)> crowdsale.token().then(addr => { tokenAddress = addr } );
undefined
truffle(develop)> SahuCoinInstance = SahuCoin.at(tokenAddress);
TruffleContract {
  constructor:
   { [Function: TruffleContract]
     _static_methods:
      { setProvider: [Function: setProvider],
        new: [Function: new],
        at: [Function: at],
        deployed: [Function: deployed],
        defaults: [Function: defaults],
        hasNetwork: [Function: hasNetwork],
        isDeployed: [Function: isDeployed],
        detectNetwork: [Function: detectNetwork],
        setNetwork: [Function: setNetwork],
        resetAddress: [Function: resetAddress],
        link: [Function: link],
        clone: [Function: clone],
        addProp: [Function: addProp],
        toJSON: [Function: toJSON] },
     _properties:
      { contract_name: [Object],
        contractName: [Object],
        abi: [Object],
        network: [Function: network],
        networks: [Function: networks],
        address: [Object],
        transactionHash: [Object],
        links: [Function: links],
        events: [Function: events],
        binary: [Function: binary],
        deployedBinary: [Function: deployedBinary],
        unlinked_binary: [Object],
        bytecode: [Object],
        deployedBytecode: [Object],
        sourceMap: [Object],
        deployedSourceMap: [Object],
        source: [Object],
        sourcePath: [Object],
        legacyAST: [Object],
        ast: [Object],
        compiler: [Object],
        schema_version: [Function: schema_version],
        schemaVersion: [Function: schemaVersion],
        updated_at: [Function: updated_at],
        updatedAt: [Function: updatedAt] },
     _property_values: {},
     _json:
      { contractName: 'SahuCoin',
        abi: [Array],
        bytecode: '0x60606040526000600360146101000a81548160ff0219169083151502179055506040805190810160405280600c81526020017f4755535441564f20434f494e000000000000000000000000000000000000000081525
0600490805190602001906200006c9291906200011e565b506040805190810160405280600381526020017f475553000000000000000000000000000000000000000000000000000000000081525060059080519060200190620000ba9291906
200011e565b506012600660006101000a81548160ff021916908360ff16021790555033600360006101000a81548173ffffffffffffffffffffffffffffffffffffffff021916908373ffffffffffffffffffffffffffffffffffffffff16021
7905550620001cd565b828054600181600116156101000203166002900490600052602060002090601f016020900481019282601f106200016157805160ff191683800117855562000192565b8280016001018555821562000192579182015b8
28111156200019157825182559160200191906001019062000174565b5b509050620001a19190620001a5565b5090565b620001ca91905b80821115620001c6576000816000905550600101620001ac565b5090565b90565b61185d80620001d
d6000396000f3006060604052600436106100e6576000357c0100000000000000000000000000000000000000000000000000000000900463ffffffff16806305d2035b146100eb57806306fdde0314610118578063095ea7b3146101a657806
318160ddd1461020057806323b872dd14610229578063313ce567146102a257806340c10f19146102d1578063661884631461032b57806370a08231146103855780637d64bcb4146103d25780638da5cb5b146103ff57806395d89b411461045
4578063a9059cbb146104e2578063d73dd6231461053c578063dd62ed3e14610596578063f2fde38b14610602575b600080fd5b34156100f657600080fd5b6100fe61063b565b604051808215151515815260200191505060405180910390f35
b341561012357600080fd5b61012b61064e565b6040518080602001828103825283818151815260200191508051906020019080838360005b8381101561016b578082015181840152602081019050610150565b50505050905090810190601f1
680156101985780820380516001836020036101000a031916815260200191505b509250505060405180910390f35b34156101b157600080fd5b6101e6600480803573ffffffffffffffffffffffffffffffffffffffff1690602001909190803
59060200190919050506106ec565b604051808215151515815260200191505060405180910390f35b341561020b57600080fd5b6102136107de565b6040518082815260200191505060405180910390f35b341561023457600080fd5b6102886
00480803573ffffffffffffffffffffffffffffffffffffffff1690602001909190803573ffffffffffffffffffffffffffffffffffffffff169060200190919080359060200190919050506107e8565b6040518082151515158152602001915
05060405180910390f35b34156102ad57600080fd5b6102b5610ba2565b604051808260ff1660ff16815260200191505060405180910390f35b34156102dc57600080fd5b610311600480803573fffffffffffffffffffffffffffffffffffff
fff16906020019091908035906020019091905050610bb5565b604051808215151515815260200191505060405180910390f35b341561033657600080fd5b61036b600480803573ffffffffffffffffffffffffffffffffffffffff169060200
19091908035906020019091905050610d9b565b604051808215151515815260200191505060405180910390f35b341561039057600080fd5b6103bc600480803573ffffffffffffffffffffffffffffffffffffffff169060200190919050506
1102c565b6040518082815260200191505060405180910390f35b34156103dd57600080fd5b6103e5611074565b604051808215151515815260200191505060405180910390f35b341561040a57600080fd5b61041261113c565b60405180827
3ffffffffffffffffffffffffffffffffffffffff1673ffffffffffffffffffffffffffffffffffffffff16815260200191505060405180910390f35b341561045f57600080fd5b610467611162565b604051808060200182810382528381815
1815260200191508051906020019080838360005b838110156104a757808201518184015260208101905061048c565b50505050905090810190601f1680156104d45780820380516001836020036101000a031916815260200191505b5092505
05060405180910390f35b34156104ed57600080fd5b610522600480803573ffffffffffffffffffffffffffffffffffffffff16906020019091908035906020019091905050611200565b6040518082151515158152602001915050604051809
10390f35b341561054757600080fd5b61057c600480803573ffffffffffffffffffffffffffffffffffffffff1690602001909190803590602001909190505061141f565b604051808215151515815260200191505060405180910390f35b341
56105a157600080fd5b6105ec600480803573ffffffffffffffffffffffffffffffffffffffff1690602001909190803573ffffffffffffffffffffffffffffffffffffffff1690602001909190505061161b565b60405180828152602001915
05060405180910390f35b341561060d57600080fd5b610639600480803573ffffffffffffffffffffffffffffffffffffffff169060200190919050506116a2565b005b600360149054906101000a900460ff1681565b6004805460018160011
6156101000203166002900480601f0160208091040260200160405190810160405280929190818152602001828054600181600116156101000203166002900480156106e45780601f106106b9576101008083540402835291602001916106e45
65b820191906000526020600020905b8154815290600101906020018083116106c757829003601f168201915b505050505081565b600081600260003373ffffffffffffffffffffffffffffffffffffffff1673fffffffffffffffffffffffff
fffffffffffffff16815260200190815260200160002060008573ffffffffffffffffffffffffffffffffffffffff1673ffffffffffffffffffffffffffffffffffffffff168152602001908152602001600020819055508273fffffffffffff
fffffffffffffffffffffffffff163373ffffffffffffffffffffffffffffffffffffffff167f8c5be1e5ebec7d5bd14f71427d1e84f3dd0314c0f7b2291e5b200ac8c7c3b925846040518082815260200191505060405180910390a36001905
092915050565b6000600154905090565b60008073ffffffffffffffffffffffffffffffffffffffff168373ffffffffffffffffffffffffffffffffffffffff161415151561082557600080fd5b6000808573fffffffffffffffffffffffffff
fffffffffffff1673ffffffffffffffffffffffffffffffffffffffff16815260200190815260200160002054821115151561087257600080fd5b600260008573ffffffffffffffffffffffffffffffffffffffff1673fffffffffffffffffff
fffffffffffffffffffff16815260200190815260200160002060003373ffffffffffffffffffffffffffffffffffffffff1673ffffffffffffffffffffffffffffffffffffffff1681526020019081526020016000205482111515156108fd5
7600080fd5b61094e826000808773ffffffffffffffffffffffffffffffffffffffff1673ffffffffffffffffffffffffffffffffffffffff168152602001908152602001600020546117fa90919063ffffffff16565b6000808673fffffffff
fffffffffffffffffffffffffffffff1673ffffffffffffffffffffffffffffffffffffffff168152602001908152602001600020819055506109e1826000808673ffffffffffffffffffffffffffffffffffffffff1673fffffffffffffffff
fffffffffffffffffffffff1681526020019081526020016000205461181390919063ffffffff16565b6000808573ffffffffffffffffffffffffffffffffffffffff1673ffffffffffffffffffffffffffffffffffffffff168152602001908
15260200160002081905550610ab282600260008773ffffffffffffffffffffffffffffffffffffffff1673ffffffffffffffffffffffffffffffffffffffff16815260200190815260200160002060003373fffffffffffffffffffffffffff
fffffffffffff1673ffffffffffffffffffffffffffffffffffffffff168152602001908152602001600020546117fa90919063ffffffff16565b600260008673ffffffffffffffffffffffffffffffffffffffff1673fffffffffffffffffff
fffffffffffffffffffff16815260200190815260200160002060003373ffffffffffffffffffffffffffffffffffffffff1673ffffffffffffffffffffffffffffffffffffffff168152602001908152602001600020819055508273fffffff
fffffffffffffffffffffffffffffffff168473ffffffffffffffffffffffffffffffffffffffff167fddf252ad1be2c89b69c2b068fc378daa952ba7f163c4a11628f55a4df523b3ef846040518082815260200191505060405180910390a36
00190509392505050565b600660009054906101000a900460ff1681565b6000600360009054906101000a900473ffffffffffffffffffffffffffffffffffffffff1673ffffffffffffffffffffffffffffffffffffffff163373fffffffffff
fffffffffffffffffffffffffffff16141515610c1357600080fd5b600360149054906101000a900460ff16151515610c2f57600080fd5b610c448260015461181390919063ffffffff16565b600181905550610c9b826000808673fffffffff
fffffffffffffffffffffffffffffff1673ffffffffffffffffffffffffffffffffffffffff1681526020019081526020016000205461181390919063ffffffff16565b6000808573ffffffffffffffffffffffffffffffffffffffff1673fff
fffffffffffffffffffffffffffffffffffff168152602001908152602001600020819055508273ffffffffffffffffffffffffffffffffffffffff167f0f6798a560793a54c3bcfe86a93cde1e73087d944c0ea20544137d412139688583604
0518082815260200191505060405180910390a28273ffffffffffffffffffffffffffffffffffffffff16600073ffffffffffffffffffffffffffffffffffffffff167fddf252ad1be2c89b69c2b068fc378daa952ba7f163c4a11628f55a4df
523b3ef846040518082815260200191505060405180910390a36001905092915050565b600080600260003373ffffffffffffffffffffffffffffffffffffffff1673ffffffffffffffffffffffffffffffffffffffff1681526020019081526
0200160002060008573ffffffffffffffffffffffffffffffffffffffff1673ffffffffffffffffffffffffffffffffffffffff16815260200190815260200160002054905080831115610eac576000600260003373fffffffffffffffffffff
fffffffffffffffffff1673ffffffffffffffffffffffffffffffffffffffff16815260200190815260200160002060008673ffffffffffffffffffffffffffffffffffffffff1673ffffffffffffffffffffffffffffffffffffffff1681526
0200190815260200160002081905550610f40565b610ebf83826117fa90919063ffffffff16565b600260003373ffffffffffffffffffffffffffffffffffffffff1673ffffffffffffffffffffffffffffffffffffffff16815260200190815
260200160002060008673ffffffffffffffffffffffffffffffffffffffff1673ffffffffffffffffffffffffffffffffffffffff168152602001908152602001600020819055505b8373ffffffffffffffffffffffffffffffffffffffff163
373ffffffffffffffffffffffffffffffffffffffff167f8c5be1e5ebec7d5bd14f71427d1e84f3dd0314c0f7b2291e5b200ac8c7c3b925600260003373ffffffffffffffffffffffffffffffffffffffff1673fffffffffffffffffffffffff
fffffffffffffff16815260200190815260200160002060008873ffffffffffffffffffffffffffffffffffffffff1673ffffffffffffffffffffffffffffffffffffffff1681526020019081526020016000205460405180828152602001915
05060405180910390a3600191505092915050565b60008060008373ffffffffffffffffffffffffffffffffffffffff1673ffffffffffffffffffffffffffffffffffffffff168152602001908152602001600020549050919050565b6000600
360009054906101000a900473ffffffffffffffffffffffffffffffffffffffff1673ffffffffffffffffffffffffffffffffffffffff163373ffffffffffffffffffffffffffffffffffffffff161415156110d257600080fd5b60036014905
4906101000a900460ff161515156110ee57600080fd5b6001600360146101000a81548160ff0219169083151502179055507fae5184fba832cb2b1f702aca6117b8d265eaf03ad33eb133f19dde0f5920fa0860405160405180910390a160019
05090565b600360009054906101000a900473ffffffffffffffffffffffffffffffffffffffff1681565b60058054600181600116156101000203166002900480601f01602080910402602001604051908101604052809291908181526020018
28054600181600116156101000203166002900480156111f85780601f106111cd576101008083540402835291602001916111f8565b820191906000526020600020905b8154815290600101906020018083116111db57829003601f168201915
b505050505081565b60008073ffffffffffffffffffffffffffffffffffffffff168373ffffffffffffffffffffffffffffffffffffffff161415151561123d57600080fd5b6000803373ffffffffffffffffffffffffffffffffffffffff167
3ffffffffffffffffffffffffffffffffffffffff16815260200190815260200160002054821115151561128a57600080fd5b6112db826000803373ffffffffffffffffffffffffffffffffffffffff1673fffffffffffffffffffffffffffff
fffffffffff168152602001908152602001600020546117fa90919063ffffffff16565b6000803373ffffffffffffffffffffffffffffffffffffffff1673ffffffffffffffffffffffffffffffffffffffff168152602001908152602001600
0208190555061136e826000808673ffffffffffffffffffffffffffffffffffffffff1673ffffffffffffffffffffffffffffffffffffffff1681526020019081526020016000205461181390919063ffffffff16565b6000808573fffffffff
fffffffffffffffffffffffffffffff1673ffffffffffffffffffffffffffffffffffffffff168152602001908152602001600020819055508273ffffffffffffffffffffffffffffffffffffffff163373fffffffffffffffffffffffffffff
fffffffffff167fddf252ad1be2c89b69c2b068fc378daa952ba7f163c4a11628f55a4df523b3ef846040518082815260200191505060405180910390a36001905092915050565b60006114b082600260003373fffffffffffffffffffffffff
fffffffffffffff1673ffffffffffffffffffffffffffffffffffffffff16815260200190815260200160002060008673ffffffffffffffffffffffffffffffffffffffff1673ffffffffffffffffffffffffffffffffffffffff16815260200
19081526020016000205461181390919063ffffffff16565b600260003373ffffffffffffffffffffffffffffffffffffffff1673ffffffffffffffffffffffffffffffffffffffff16815260200190815260200160002060008573fffffffff
fffffffffffffffffffffffffffffff1673ffffffffffffffffffffffffffffffffffffffff168152602001908152602001600020819055508273ffffffffffffffffffffffffffffffffffffffff163373fffffffffffffffffffffffffffff
fffffffffff167f8c5be1e5ebec7d5bd14f71427d1e84f3dd0314c0f7b2291e5b200ac8c7c3b925600260003373ffffffffffffffffffffffffffffffffffffffff1673ffffffffffffffffffffffffffffffffffffffff16815260200190815
260200160002060008773ffffffffffffffffffffffffffffffffffffffff1673ffffffffffffffffffffffffffffffffffffffff168152602001908152602001600020546040518082815260200191505060405180910390a36001905092915
050565b6000600260008473ffffffffffffffffffffffffffffffffffffffff1673ffffffffffffffffffffffffffffffffffffffff16815260200190815260200160002060008373ffffffffffffffffffffffffffffffffffffffff1673fff
fffffffffffffffffffffffffffffffffffff16815260200190815260200160002054905092915050565b600360009054906101000a900473ffffffffffffffffffffffffffffffffffffffff1673fffffffffffffffffffffffffffffffffff
fffff163373ffffffffffffffffffffffffffffffffffffffff161415156116fe57600080fd5b600073ffffffffffffffffffffffffffffffffffffffff168173ffffffffffffffffffffffffffffffffffffffff161415151561173a5760008
0fd5b8073ffffffffffffffffffffffffffffffffffffffff16600360009054906101000a900473ffffffffffffffffffffffffffffffffffffffff1673ffffffffffffffffffffffffffffffffffffffff167f8be0079c531659141344cd1fd
0a4f28419497f9722a3daafe3b4186f6b6457e060405160405180910390a380600360006101000a81548173ffffffffffffffffffffffffffffffffffffffff021916908373ffffffffffffffffffffffffffffffffffffffff1602179055505
0565b600082821115151561180857fe5b818303905092915050565b600080828401905083811015151561182757fe5b80915050929150505600a165627a7a7230582062982682536b5bc1c6ad21736328a09f8449ccbea8bd2c2f93a886a3cff
3a6dd0029',
        deployedBytecode: '0x6060604052600436106100e6576000357c0100000000000000000000000000000000000000000000000000000000900463ffffffff16806305d2035b146100eb57806306fdde0314610118578063095ea7b
3146101a657806318160ddd1461020057806323b872dd14610229578063313ce567146102a257806340c10f19146102d1578063661884631461032b57806370a08231146103855780637d64bcb4146103d25780638da5cb5b146103ff5780639
5d89b4114610454578063a9059cbb146104e2578063d73dd6231461053c578063dd62ed3e14610596578063f2fde38b14610602575b600080fd5b34156100f657600080fd5b6100fe61063b565b6040518082151515158152602001915050604
05180910390f35b341561012357600080fd5b61012b61064e565b6040518080602001828103825283818151815260200191508051906020019080838360005b8381101561016b578082015181840152602081019050610150565b50505050905
090810190601f1680156101985780820380516001836020036101000a031916815260200191505b509250505060405180910390f35b34156101b157600080fd5b6101e6600480803573ffffffffffffffffffffffffffffffffffffffff16906
0200190919080359060200190919050506106ec565b604051808215151515815260200191505060405180910390f35b341561020b57600080fd5b6102136107de565b6040518082815260200191505060405180910390f35b341561023457600
080fd5b610288600480803573ffffffffffffffffffffffffffffffffffffffff1690602001909190803573ffffffffffffffffffffffffffffffffffffffff169060200190919080359060200190919050506107e8565b60405180821515151
5815260200191505060405180910390f35b34156102ad57600080fd5b6102b5610ba2565b604051808260ff1660ff16815260200191505060405180910390f35b34156102dc57600080fd5b610311600480803573fffffffffffffffffffffff
fffffffffffffffff16906020019091908035906020019091905050610bb5565b604051808215151515815260200191505060405180910390f35b341561033657600080fd5b61036b600480803573fffffffffffffffffffffffffffffffffff
fffff16906020019091908035906020019091905050610d9b565b604051808215151515815260200191505060405180910390f35b341561039057600080fd5b6103bc600480803573ffffffffffffffffffffffffffffffffffffffff1690602
001909190505061102c565b6040518082815260200191505060405180910390f35b34156103dd57600080fd5b6103e5611074565b604051808215151515815260200191505060405180910390f35b341561040a57600080fd5b61041261113c5
65b604051808273ffffffffffffffffffffffffffffffffffffffff1673ffffffffffffffffffffffffffffffffffffffff16815260200191505060405180910390f35b341561045f57600080fd5b610467611162565b6040518080602001828
103825283818151815260200191508051906020019080838360005b838110156104a757808201518184015260208101905061048c565b50505050905090810190601f1680156104d45780820380516001836020036101000a031916815260200
191505b509250505060405180910390f35b34156104ed57600080fd5b610522600480803573ffffffffffffffffffffffffffffffffffffffff16906020019091908035906020019091905050611200565b60405180821515151581526020019
1505060405180910390f35b341561054757600080fd5b61057c600480803573ffffffffffffffffffffffffffffffffffffffff1690602001909190803590602001909190505061141f565b60405180821515151581526020019150506040518
0910390f35b34156105a157600080fd5b6105ec600480803573ffffffffffffffffffffffffffffffffffffffff1690602001909190803573ffffffffffffffffffffffffffffffffffffffff1690602001909190505061161b565b604051808
2815260200191505060405180910390f35b341561060d57600080fd5b610639600480803573ffffffffffffffffffffffffffffffffffffffff169060200190919050506116a2565b005b600360149054906101000a900460ff1681565b60048
054600181600116156101000203166002900480601f0160208091040260200160405190810160405280929190818152602001828054600181600116156101000203166002900480156106e45780601f106106b95761010080835404028352916
02001916106e4565b820191906000526020600020905b8154815290600101906020018083116106c757829003601f168201915b505050505081565b600081600260003373ffffffffffffffffffffffffffffffffffffffff1673fffffffffff
fffffffffffffffffffffffffffff16815260200190815260200160002060008573ffffffffffffffffffffffffffffffffffffffff1673ffffffffffffffffffffffffffffffffffffffff16815260200190815260200160002081905550827
3ffffffffffffffffffffffffffffffffffffffff163373ffffffffffffffffffffffffffffffffffffffff167f8c5be1e5ebec7d5bd14f71427d1e84f3dd0314c0f7b2291e5b200ac8c7c3b9258460405180828152602001915050604051809
10390a36001905092915050565b6000600154905090565b60008073ffffffffffffffffffffffffffffffffffffffff168373ffffffffffffffffffffffffffffffffffffffff161415151561082557600080fd5b6000808573fffffffffffff
fffffffffffffffffffffffffff1673ffffffffffffffffffffffffffffffffffffffff16815260200190815260200160002054821115151561087257600080fd5b600260008573ffffffffffffffffffffffffffffffffffffffff1673fffff
fffffffffffffffffffffffffffffffffff16815260200190815260200160002060003373ffffffffffffffffffffffffffffffffffffffff1673ffffffffffffffffffffffffffffffffffffffff16815260200190815260200160002054821
11515156108fd57600080fd5b61094e826000808773ffffffffffffffffffffffffffffffffffffffff1673ffffffffffffffffffffffffffffffffffffffff168152602001908152602001600020546117fa90919063ffffffff16565b60008
08673ffffffffffffffffffffffffffffffffffffffff1673ffffffffffffffffffffffffffffffffffffffff168152602001908152602001600020819055506109e1826000808673ffffffffffffffffffffffffffffffffffffffff1673fff
fffffffffffffffffffffffffffffffffffff1681526020019081526020016000205461181390919063ffffffff16565b6000808573ffffffffffffffffffffffffffffffffffffffff1673ffffffffffffffffffffffffffffffffffffffff1
6815260200190815260200160002081905550610ab282600260008773ffffffffffffffffffffffffffffffffffffffff1673ffffffffffffffffffffffffffffffffffffffff16815260200190815260200160002060003373fffffffffffff
fffffffffffffffffffffffffff1673ffffffffffffffffffffffffffffffffffffffff168152602001908152602001600020546117fa90919063ffffffff16565b600260008673ffffffffffffffffffffffffffffffffffffffff1673fffff
fffffffffffffffffffffffffffffffffff16815260200190815260200160002060003373ffffffffffffffffffffffffffffffffffffffff1673ffffffffffffffffffffffffffffffffffffffff16815260200190815260200160002081905
5508273ffffffffffffffffffffffffffffffffffffffff168473ffffffffffffffffffffffffffffffffffffffff167fddf252ad1be2c89b69c2b068fc378daa952ba7f163c4a11628f55a4df523b3ef8460405180828152602001915050604
05180910390a3600190509392505050565b600660009054906101000a900460ff1681565b6000600360009054906101000a900473ffffffffffffffffffffffffffffffffffffffff1673ffffffffffffffffffffffffffffffffffffffff163
373ffffffffffffffffffffffffffffffffffffffff16141515610c1357600080fd5b600360149054906101000a900460ff16151515610c2f57600080fd5b610c448260015461181390919063ffffffff16565b600181905550610c9b8260008
08673ffffffffffffffffffffffffffffffffffffffff1673ffffffffffffffffffffffffffffffffffffffff1681526020019081526020016000205461181390919063ffffffff16565b6000808573fffffffffffffffffffffffffffffffff
fffffff1673ffffffffffffffffffffffffffffffffffffffff168152602001908152602001600020819055508273ffffffffffffffffffffffffffffffffffffffff167f0f6798a560793a54c3bcfe86a93cde1e73087d944c0ea20544137d4
121396885836040518082815260200191505060405180910390a28273ffffffffffffffffffffffffffffffffffffffff16600073ffffffffffffffffffffffffffffffffffffffff167fddf252ad1be2c89b69c2b068fc378daa952ba7f163c
4a11628f55a4df523b3ef846040518082815260200191505060405180910390a36001905092915050565b600080600260003373ffffffffffffffffffffffffffffffffffffffff1673ffffffffffffffffffffffffffffffffffffffff16815
260200190815260200160002060008573ffffffffffffffffffffffffffffffffffffffff1673ffffffffffffffffffffffffffffffffffffffff16815260200190815260200160002054905080831115610eac576000600260003373fffffff
fffffffffffffffffffffffffffffffff1673ffffffffffffffffffffffffffffffffffffffff16815260200190815260200160002060008673ffffffffffffffffffffffffffffffffffffffff1673fffffffffffffffffffffffffffffffff
fffffff16815260200190815260200160002081905550610f40565b610ebf83826117fa90919063ffffffff16565b600260003373ffffffffffffffffffffffffffffffffffffffff1673ffffffffffffffffffffffffffffffffffffffff168
15260200190815260200160002060008673ffffffffffffffffffffffffffffffffffffffff1673ffffffffffffffffffffffffffffffffffffffff168152602001908152602001600020819055505b8373fffffffffffffffffffffffffffff
fffffffffff163373ffffffffffffffffffffffffffffffffffffffff167f8c5be1e5ebec7d5bd14f71427d1e84f3dd0314c0f7b2291e5b200ac8c7c3b925600260003373ffffffffffffffffffffffffffffffffffffffff1673fffffffffff
fffffffffffffffffffffffffffff16815260200190815260200160002060008873ffffffffffffffffffffffffffffffffffffffff1673ffffffffffffffffffffffffffffffffffffffff16815260200190815260200160002054604051808
2815260200191505060405180910390a3600191505092915050565b60008060008373ffffffffffffffffffffffffffffffffffffffff1673ffffffffffffffffffffffffffffffffffffffff168152602001908152602001600020549050919
050565b6000600360009054906101000a900473ffffffffffffffffffffffffffffffffffffffff1673ffffffffffffffffffffffffffffffffffffffff163373ffffffffffffffffffffffffffffffffffffffff161415156110d257600080f
d5b600360149054906101000a900460ff161515156110ee57600080fd5b6001600360146101000a81548160ff0219169083151502179055507fae5184fba832cb2b1f702aca6117b8d265eaf03ad33eb133f19dde0f5920fa086040516040518
0910390a16001905090565b600360009054906101000a900473ffffffffffffffffffffffffffffffffffffffff1681565b60058054600181600116156101000203166002900480601f016020809104026020016040519081016040528092919
0818152602001828054600181600116156101000203166002900480156111f85780601f106111cd576101008083540402835291602001916111f8565b820191906000526020600020905b8154815290600101906020018083116111db5782900
3601f168201915b505050505081565b60008073ffffffffffffffffffffffffffffffffffffffff168373ffffffffffffffffffffffffffffffffffffffff161415151561123d57600080fd5b6000803373fffffffffffffffffffffffffffff
fffffffffff1673ffffffffffffffffffffffffffffffffffffffff16815260200190815260200160002054821115151561128a57600080fd5b6112db826000803373ffffffffffffffffffffffffffffffffffffffff1673fffffffffffffff
fffffffffffffffffffffffff168152602001908152602001600020546117fa90919063ffffffff16565b6000803373ffffffffffffffffffffffffffffffffffffffff1673ffffffffffffffffffffffffffffffffffffffff1681526020019
081526020016000208190555061136e826000808673ffffffffffffffffffffffffffffffffffffffff1673ffffffffffffffffffffffffffffffffffffffff1681526020019081526020016000205461181390919063ffffffff16565b60008
08573ffffffffffffffffffffffffffffffffffffffff1673ffffffffffffffffffffffffffffffffffffffff168152602001908152602001600020819055508273ffffffffffffffffffffffffffffffffffffffff163373fffffffffffffff
fffffffffffffffffffffffff167fddf252ad1be2c89b69c2b068fc378daa952ba7f163c4a11628f55a4df523b3ef846040518082815260200191505060405180910390a36001905092915050565b60006114b082600260003373fffffffffff
fffffffffffffffffffffffffffff1673ffffffffffffffffffffffffffffffffffffffff16815260200190815260200160002060008673ffffffffffffffffffffffffffffffffffffffff1673fffffffffffffffffffffffffffffffffffff
fff1681526020019081526020016000205461181390919063ffffffff16565b600260003373ffffffffffffffffffffffffffffffffffffffff1673ffffffffffffffffffffffffffffffffffffffff168152602001908152602001600020600
08573ffffffffffffffffffffffffffffffffffffffff1673ffffffffffffffffffffffffffffffffffffffff168152602001908152602001600020819055508273ffffffffffffffffffffffffffffffffffffffff163373fffffffffffffff
fffffffffffffffffffffffff167f8c5be1e5ebec7d5bd14f71427d1e84f3dd0314c0f7b2291e5b200ac8c7c3b925600260003373ffffffffffffffffffffffffffffffffffffffff1673ffffffffffffffffffffffffffffffffffffffff168
15260200190815260200160002060008773ffffffffffffffffffffffffffffffffffffffff1673ffffffffffffffffffffffffffffffffffffffff168152602001908152602001600020546040518082815260200191505060405180910390a
36001905092915050565b6000600260008473ffffffffffffffffffffffffffffffffffffffff1673ffffffffffffffffffffffffffffffffffffffff16815260200190815260200160002060008373fffffffffffffffffffffffffffffffff
fffffff1673ffffffffffffffffffffffffffffffffffffffff16815260200190815260200160002054905092915050565b600360009054906101000a900473ffffffffffffffffffffffffffffffffffffffff1673fffffffffffffffffffff
fffffffffffffffffff163373ffffffffffffffffffffffffffffffffffffffff161415156116fe57600080fd5b600073ffffffffffffffffffffffffffffffffffffffff168173ffffffffffffffffffffffffffffffffffffffff161415151
561173a57600080fd5b8073ffffffffffffffffffffffffffffffffffffffff16600360009054906101000a900473ffffffffffffffffffffffffffffffffffffffff1673ffffffffffffffffffffffffffffffffffffffff167f8be0079c531
659141344cd1fd0a4f28419497f9722a3daafe3b4186f6b6457e060405160405180910390a380600360006101000a81548173ffffffffffffffffffffffffffffffffffffffff021916908373fffffffffffffffffffffffffffffffffffffff
f16021790555050565b600082821115151561180857fe5b818303905092915050565b600080828401905083811015151561182757fe5b80915050929150505600a165627a7a7230582062982682536b5bc1c6ad21736328a09f8449ccbea8bd2
c2f93a886a3cff3a6dd0029',
        sourceMap: '98:152:0:-;;;544:5:11;514:35;;;;;;;;;;;;;;;;;;;;143::0;;;;;;;;;;;;;;;;;;;;;;;;;;;;;;;:::i;:::-;;185:28;;;;;;;;;;;;;;;;;;;;;;;;;;;;;;;:::i;:::-;;244:2;220:26;;;;;;;;;;;;;;;;
;;;;509:10:7;501:5;;:18;;;;;;;;;;;;;;;;;;98:152:0;;;;;;;;;;;;;;;;;;;;;;;;;;;;;;;;;;;;;;;;;;;;;;;;;;;;;;;;;;;;;;;;;;;;;;;;;;;;;;;;;;;;;;;;;;;;;;;;:::i;:::-;;;:::o;:::-;;;;;;;;;;;;;;;;;;;;;;;;;;
;:::o;:::-;;;;;;;',
        deployedSourceMap: '98:152:0:-;;;;;;;;;;;;;;;;;;;;;;;;;;;;;;;;;;;;;;;;;;;;;;;;;;;;;;;;;;;;;;;;;;;;;;;;;;;;;;;;;;;;;;;;;;;;;;;;;;;514:35:11;;;;;;;;;;;;;;;;;;;;;;;;;;;;;;;;;;;143::0;;;;;
;;;;;;;;;;;;;;;;;;;;;;;;;;;;;;;;;;;;;;23:1:-1;8:100;33:3;30:1;27:2;8:100;;;99:1;94:3;90;84:5;80:1;75:3;71;64:6;52:2;49:1;45:3;40:15;;8:100;;;12:14;3:109;;;;;;;;;;;;;;;;;;;;;;;;;;;;;;;;;;;;;;;;
;;;;;;;;1798:183:12;;;;;;;;;;;;;;;;;;;;;;;;;;;;;;;;;;;;;;;;;;;;;;;;;;;;;;;;;371:83:8;;;;;;;;;;;;;;;;;;;;;;;;;;;;;;;736:439:12;;;;;;;;;;;;;;;;;;;;;;;;;;;;;;;;;;;;;;;;;;;;;;;;;;;;;;;;;;;;;;;;;;;
220:26:0;;;;;;;;;;;;;;;;;;;;;;;;;;;;;;;;;;;853:264:11;;;;;;;;;;;;;;;;;;;;;;;;;;;;;;;;;;;;;;;;;;;;;;;;;;;;;;;;;3602:398:12;;;;;;;;;;;;;;;;;;;;;;;;;;;;;;;;;;;;;;;;;;;;;;;;;;;;;;;;;1189:107:8;;;;
;;;;;;;;;;;;;;;;;;;;;;;;;;;;;;;;;;;;;;;;;1231:135:11;;;;;;;;;;;;;;;;;;;;;;;;;;;;;;;;;;;238:20:7;;;;;;;;;;;;;;;;;;;;;;;;;;;;;;;;;;;185:28:0;;;;;;;;;;;;;;;;;;;;;;;;;;;;;;;;;;;;;;;;;;;23:1:-1;8:1
00;33:3;30:1;27:2;8:100;;;99:1;94:3;90;84:5;80:1;75:3;71;64:6;52:2;49:1;45:3;40:15;;8:100;;;12:14;3:109;;;;;;;;;;;;;;;;;;;;;;;;;;;;;;;;;;;;;;;;;;;;;;;;608:379:8;;;;;;;;;;;;;;;;;;;;;;;;;;;;;;;;
;;;;;;;;;;;;;;;;;;;;;;;;;2883:257:12;;;;;;;;;;;;;;;;;;;;;;;;;;;;;;;;;;;;;;;;;;;;;;;;;;;;;;;;;2300:126;;;;;;;;;;;;;;;;;;;;;;;;;;;;;;;;;;;;;;;;;;;;;;;;;;;;;;;832:169:7;;;;;;;;;;;;;;;;;;;;;;;;;;;
;514:35:11;;;;;;;;;;;;;:::o;143::0:-;;;;;;;;;;;;;;;;;;;;;;;;;;;;;;;;;;;;;;;;;;;;;;;;;;;;;;;;;;;;;;;;;;;;;;;;;;;;;;;;;;;;;;;;;;;;;;;;;;;;;;;;;;;;;;;;;;;;;;;;;;:::o;1798:183:12:-;1865:4;1909:6;1
877:7;:19;1885:10;1877:19;;;;;;;;;;;;;;;:29;1897:8;1877:29;;;;;;;;;;;;;;;:38;;;;1942:8;1921:38;;1930:10;1921:38;;;1952:6;1921:38;;;;;;;;;;;;;;;;;;1972:4;1965:11;;1798:183;;;;:::o;371:83:8:-;41
5:7;437:12;;430:19;;371:83;:::o;736:439:12:-;818:4;853:1;838:17;;:3;:17;;;;830:26;;;;;;;;880:8;:15;889:5;880:15;;;;;;;;;;;;;;;;870:6;:25;;862:34;;;;;;;;920:7;:14;928:5;920:14;;;;;;;;;;;;;;;:26
;935:10;920:26;;;;;;;;;;;;;;;;910:6;:36;;902:45;;;;;;;;972:27;992:6;972:8;:15;981:5;972:15;;;;;;;;;;;;;;;;:19;;:27;;;;:::i;:::-;954:8;:15;963:5;954:15;;;;;;;;;;;;;;;:45;;;;1021:25;1039:6;1021:
8;:13;1030:3;1021:13;;;;;;;;;;;;;;;;:17;;:25;;;;:::i;:::-;1005:8;:13;1014:3;1005:13;;;;;;;;;;;;;;;:41;;;;1081:38;1112:6;1081:7;:14;1089:5;1081:14;;;;;;;;;;;;;;;:26;1096:10;1081:26;;;;;;;;;;;;;
;;;:30;;:38;;;;:::i;:::-;1052:7;:14;1060:5;1052:14;;;;;;;;;;;;;;;:26;1067:10;1052:26;;;;;;;;;;;;;;;:67;;;;1141:3;1125:28;;1134:5;1125:28;;;1146:6;1125:28;;;;;;;;;;;;;;;;;;1166:4;1159:11;;736:4
39;;;;;:::o;220:26:0:-;;;;;;;;;;;;;:::o;853:264:11:-;931:4;653:5:7;;;;;;;;;;;639:19;;:10;:19;;;631:28;;;;;;;;589:15:11;;;;;;;;;;;588:16;580:25;;;;;;;;958;975:7;958:12;;:16;;:25;;;;:::i;:::-;94
3:12;:40;;;;1005:26;1023:7;1005:8;:13;1014:3;1005:13;;;;;;;;;;;;;;;;:17;;:26;;;;:::i;:::-;989:8;:13;998:3;989:13;;;;;;;;;;;;;;;:42;;;;1042:3;1037:18;;;1047:7;1037:18;;;;;;;;;;;;;;;;;;1082:3;10
61:34;;1078:1;1061:34;;;1087:7;1061:34;;;;;;;;;;;;;;;;;;1108:4;1101:11;;853:264;;;;:::o;3602:398:12:-;3685:4;3697:13;3713:7;:19;3721:10;3713:19;;;;;;;;;;;;;;;:29;3733:8;3713:29;;;;;;;;;;;;;;;;
3697:45;;3771:8;3752:16;:27;3748:164;;;3821:1;3789:7;:19;3797:10;3789:19;;;;;;;;;;;;;;;:29;3809:8;3789:29;;;;;;;;;;;;;;;:33;;;;3748:164;;;3875:30;3888:16;3875:8;:12;;:30;;;;:::i;:::-;3843:7;:1
9;3851:10;3843:19;;;;;;;;;;;;;;;:29;3863:8;3843:29;;;;;;;;;;;;;;;:62;;;;3748:164;3938:8;3917:61;;3926:10;3917:61;;;3948:7;:19;3956:10;3948:19;;;;;;;;;;;;;;;:29;3968:8;3948:29;;;;;;;;;;;;;;;;39
17:61;;;;;;;;;;;;;;;;;;3991:4;3984:11;;3602:398;;;;;:::o;1189:107:8:-;1245:15;1275:8;:16;1284:6;1275:16;;;;;;;;;;;;;;;;1268:23;;1189:107;;;:::o;1231:135:11:-;1290:4;653:5:7;;;;;;;;;;;639:19;;:
10;:19;;;631:28;;;;;;;;589:15:11;;;;;;;;;;;588:16;580:25;;;;;;;;1320:4;1302:15;;:22;;;;;;;;;;;;;;;;;;1330:14;;;;;;;;;;1357:4;1350:11;;1231:135;:::o;238:20:7:-;;;;;;;;;;;;;:::o;185:28:0:-;;;;;;
;;;;;;;;;;;;;;;;;;;;;;;;;;;;;;;;;;;;;;;;;;;;;;;;;;;;;;;;;;;;;;;;;;;;;;;;;;;;;;;;;;;;;;;;;;;;;;;;;;;;;;;;;;;;;;;;;;;;:::o;608:379:8:-;671:4;706:1;691:17;;:3;:17;;;;683:26;;;;;;;;733:8;:20;742:1
0;733:20;;;;;;;;;;;;;;;;723:6;:30;;715:39;;;;;;;;847:32;872:6;847:8;:20;856:10;847:20;;;;;;;;;;;;;;;;:24;;:32;;;;:::i;:::-;824:8;:20;833:10;824:20;;;;;;;;;;;;;;;:55;;;;901:25;919:6;901:8;:13;9
10:3;901:13;;;;;;;;;;;;;;;;:17;;:25;;;;:::i;:::-;885:8;:13;894:3;885:13;;;;;;;;;;;;;;;:41;;;;953:3;932:33;;941:10;932:33;;;958:6;932:33;;;;;;;;;;;;;;;;;;978:4;971:11;;608:379;;;;:::o;2883:257:
12:-;2961:4;3005:46;3039:11;3005:7;:19;3013:10;3005:19;;;;;;;;;;;;;;;:29;3025:8;3005:29;;;;;;;;;;;;;;;;:33;;:46;;;;:::i;:::-;2973:7;:19;2981:10;2973:19;;;;;;;;;;;;;;;:29;2993:8;2973:29;;;;;;;;
;;;;;;;:78;;;;3078:8;3057:61;;3066:10;3057:61;;;3088:7;:19;3096:10;3088:19;;;;;;;;;;;;;;;:29;3108:8;3088:29;;;;;;;;;;;;;;;;3057:61;;;;;;;;;;;;;;;;;;3131:4;3124:11;;2883:257;;;;:::o;2300:126::-
;2374:7;2396;:15;2404:6;2396:15;;;;;;;;;;;;;;;:25;2412:8;2396:25;;;;;;;;;;;;;;;;2389:32;;2300:126;;;;:::o;832:169:7:-;653:5;;;;;;;;;;;639:19;;:10;:19;;;631:28;;;;;;;;928:1;908:22;;:8;:22;;;;90
0:31;;;;;;;;965:8;937:37;;958:5;;;;;;;;;;;937:37;;;;;;;;;;;;988:8;980:5;;:16;;;;;;;;;;;;;;;;;;832:169;:::o;836:110:6:-;894:7;921:1;916;:6;;909:14;;;;;;940:1;936;:5;929:12;;836:110;;;;:::o;1008
:129::-;1066:7;1081:9;1097:1;1093;:5;1081:17;;1116:1;1111;:6;;1104:14;;;;;;1131:1;1124:8;;1008:129;;;;;:::o',
        source: 'pragma solidity 0.4.19;\r\n\r\n\r\nimport \'zeppelin-solidity/contracts/token/ERC20/MintableToken.sol\';\r\ncontract SahuCoin is MintableToken {\r\n    string public name =
 "Sahu COIN";\r\n    string public symbol = "GUS";\r\n    uint8 public decimals = 18;\r\n}',
        sourcePath: 'D:\\Etherum\\my-ico\\contracts\\SahuCoin.sol',
        ast: [Object],
        legacyAST: [Object],
        compiler: [Object],
        networks: [Object],
        schemaVersion: '2.0.0',
        updatedAt: '2018-03-22T13:50:54.443Z' },
     setProvider: [Function: bound setProvider],
     new: [Function: bound new],
     at: [Function: bound at],
     deployed: [Function: bound deployed],
     defaults: [Function: bound defaults],
     hasNetwork: [Function: bound hasNetwork],
     isDeployed: [Function: bound isDeployed],
     detectNetwork: [Function: bound detectNetwork],
     setNetwork: [Function: bound setNetwork],
     resetAddress: [Function: bound resetAddress],
     link: [Function: bound link],
     clone: [Function: bound clone],
     addProp: [Function: bound addProp],
     toJSON: [Function: bound toJSON],
     web3:
      Web3 {
        _requestManager: [RequestManager],
        currentProvider: [Provider],
        eth: [Eth],
        db: [DB],
        shh: [Shh],
        net: [Net],
        personal: [Personal],
        bzz: [Swarm],
        settings: [Settings],
        version: [Object],
        providers: [Object],
        _extend: [Function] },
     class_defaults:
      { from: '0x627306090abab3a6e1400e9345bc60c78a8bef57',
        gas: 6721975,
        gasPrice: 100000000000 },
     currentProvider:
      HttpProvider {
        host: 'http://127.0.0.1:9545/',
        timeout: 0,
        user: undefined,
        password: undefined,
        headers: undefined,
        send: [Function],
        sendAsync: [Function],
        _alreadyWrapped: true },
     network_id: '4447' },
  abi:
   [ { constant: true,
       inputs: [],
       name: 'mintingFinished',
       outputs: [Array],
       payable: false,
       stateMutability: 'view',
       type: 'function' },
     { constant: true,
       inputs: [],
       name: 'name',
       outputs: [Array],
       payable: false,
       stateMutability: 'view',
       type: 'function' },
     { constant: false,
       inputs: [Array],
       name: 'approve',
       outputs: [Array],
       payable: false,
       stateMutability: 'nonpayable',
       type: 'function' },
     { constant: true,
       inputs: [],
       name: 'totalSupply',
       outputs: [Array],
       payable: false,
       stateMutability: 'view',
       type: 'function' },
     { constant: false,
       inputs: [Array],
       name: 'transferFrom',
       outputs: [Array],
       payable: false,
       stateMutability: 'nonpayable',
       type: 'function' },
     { constant: true,
       inputs: [],
       name: 'decimals',
       outputs: [Array],
       payable: false,
       stateMutability: 'view',
       type: 'function' },
     { constant: false,
       inputs: [Array],
       name: 'mint',
       outputs: [Array],
       payable: false,
       stateMutability: 'nonpayable',
       type: 'function' },
     { constant: false,
       inputs: [Array],
       name: 'decreaseApproval',
       outputs: [Array],
       payable: false,
       stateMutability: 'nonpayable',
       type: 'function' },
     { constant: true,
       inputs: [Array],
       name: 'balanceOf',
       outputs: [Array],
       payable: false,
       stateMutability: 'view',
       type: 'function' },
     { constant: false,
       inputs: [],
       name: 'finishMinting',
       outputs: [Array],
       payable: false,
       stateMutability: 'nonpayable',
       type: 'function' },
     { constant: true,
       inputs: [],
       name: 'owner',
       outputs: [Array],
       payable: false,
       stateMutability: 'view',
       type: 'function' },
     { constant: true,
       inputs: [],
       name: 'symbol',
       outputs: [Array],
       payable: false,
       stateMutability: 'view',
       type: 'function' },
     { constant: false,
       inputs: [Array],
       name: 'transfer',
       outputs: [Array],
       payable: false,
       stateMutability: 'nonpayable',
       type: 'function' },
     { constant: false,
       inputs: [Array],
       name: 'increaseApproval',
       outputs: [Array],
       payable: false,
       stateMutability: 'nonpayable',
       type: 'function' },
     { constant: true,
       inputs: [Array],
       name: 'allowance',
       outputs: [Array],
       payable: false,
       stateMutability: 'view',
       type: 'function' },
     { constant: false,
       inputs: [Array],
       name: 'transferOwnership',
       outputs: [],
       payable: false,
       stateMutability: 'nonpayable',
       type: 'function' },
     { anonymous: false, inputs: [Array], name: 'Mint', type: 'event' },
     { anonymous: false,
       inputs: [],
       name: 'MintFinished',
       type: 'event' },
     { anonymous: false,
       inputs: [Array],
       name: 'OwnershipTransferred',
       type: 'event' },
     { anonymous: false,
       inputs: [Array],
       name: 'Approval',
       type: 'event' },
     { anonymous: false,
       inputs: [Array],
       name: 'Transfer',
       type: 'event' } ],
  contract:
   Contract {
     _eth:
      Eth {
        _requestManager: [RequestManager],
        getBalance: [Function],
        getStorageAt: [Function],
        getCode: [Function],
        getBlock: [Function],
        getUncle: [Function],
        getCompilers: [Function],
        getBlockTransactionCount: [Function],
        getBlockUncleCount: [Function],
        getTransaction: [Function],
        getTransactionFromBlock: [Function],
        getTransactionReceipt: [Function],
        getTransactionCount: [Function],
        call: [Function],
        estimateGas: [Function],
        sendRawTransaction: [Function],
        signTransaction: [Function],
        sendTransaction: [Function],
        sign: [Function],
        compile: [Object],
        submitWork: [Function],
        getWork: [Function],
        coinbase: [Getter],
        getCoinbase: [Function],
        mining: [Getter],
        getMining: [Function],
        hashrate: [Getter],
        getHashrate: [Function],
        syncing: [Getter],
        getSyncing: [Function],
        gasPrice: [Getter],
        getGasPrice: [Function],
        accounts: [Getter],
        getAccounts: [Function],
        blockNumber: [Getter],
        getBlockNumber: [Function],
        protocolVersion: [Getter],
        getProtocolVersion: [Function],
        iban: [Function],
        sendIBANTransaction: [Function: bound transfer] },
     transactionHash: null,
     address: '0x345ca3e014aaf5dca488057592ee47305d9b3e10',
     abi:
      [ [Object],
        [Object],
        [Object],
        [Object],
        [Object],
        [Object],
        [Object],
        [Object],
        [Object],
        [Object],
        [Object],
        [Object],
        [Object],
        [Object],
        [Object],
        [Object],
        [Object],
        [Object],
        [Object],
        [Object],
        [Object] ],
     mintingFinished:
      { [Function: bound ]
        request: [Function: bound ],
        call: [Function: bound ],
        sendTransaction: [Function: bound ],
        estimateGas: [Function: bound ],
        getData: [Function: bound ],
        '': [Circular] },
     name:
      { [Function: bound ]
        request: [Function: bound ],
        call: [Function: bound ],
        sendTransaction: [Function: bound ],
        estimateGas: [Function: bound ],
        getData: [Function: bound ],
        '': [Circular] },
     approve:
      { [Function: bound ]
        request: [Function: bound ],
        call: [Function: bound ],
        sendTransaction: [Function: bound ],
        estimateGas: [Function: bound ],
        getData: [Function: bound ],
        'address,uint256': [Circular] },
     totalSupply:
      { [Function: bound ]
        request: [Function: bound ],
        call: [Function: bound ],
        sendTransaction: [Function: bound ],
        estimateGas: [Function: bound ],
        getData: [Function: bound ],
        '': [Circular] },
     transferFrom:
      { [Function: bound ]
        request: [Function: bound ],
        call: [Function: bound ],
        sendTransaction: [Function: bound ],
        estimateGas: [Function: bound ],
        getData: [Function: bound ],
        'address,address,uint256': [Circular] },
     decimals:
      { [Function: bound ]
        request: [Function: bound ],
        call: [Function: bound ],
        sendTransaction: [Function: bound ],
        estimateGas: [Function: bound ],
        getData: [Function: bound ],
        '': [Circular] },
     mint:
      { [Function: bound ]
        request: [Function: bound ],
        call: [Function: bound ],
        sendTransaction: [Function: bound ],
        estimateGas: [Function: bound ],
        getData: [Function: bound ],
        'address,uint256': [Circular] },
     decreaseApproval:
      { [Function: bound ]
        request: [Function: bound ],
        call: [Function: bound ],
        sendTransaction: [Function: bound ],
        estimateGas: [Function: bound ],
        getData: [Function: bound ],
        'address,uint256': [Circular] },
     balanceOf:
      { [Function: bound ]
        request: [Function: bound ],
        call: [Function: bound ],
        sendTransaction: [Function: bound ],
        estimateGas: [Function: bound ],
        getData: [Function: bound ],
        address: [Circular] },
     finishMinting:
      { [Function: bound ]
        request: [Function: bound ],
        call: [Function: bound ],
        sendTransaction: [Function: bound ],
        estimateGas: [Function: bound ],
        getData: [Function: bound ],
        '': [Circular] },
     owner:
      { [Function: bound ]
        request: [Function: bound ],
        call: [Function: bound ],
        sendTransaction: [Function: bound ],
        estimateGas: [Function: bound ],
        getData: [Function: bound ],
        '': [Circular] },
     symbol:
      { [Function: bound ]
        request: [Function: bound ],
        call: [Function: bound ],
        sendTransaction: [Function: bound ],
        estimateGas: [Function: bound ],
        getData: [Function: bound ],
        '': [Circular] },
     transfer:
      { [Function: bound ]
        request: [Function: bound ],
        call: [Function: bound ],
        sendTransaction: [Function: bound ],
        estimateGas: [Function: bound ],
        getData: [Function: bound ],
        'address,uint256': [Circular] },
     increaseApproval:
      { [Function: bound ]
        request: [Function: bound ],
        call: [Function: bound ],
        sendTransaction: [Function: bound ],
        estimateGas: [Function: bound ],
        getData: [Function: bound ],
        'address,uint256': [Circular] },
     allowance:
      { [Function: bound ]
        request: [Function: bound ],
        call: [Function: bound ],
        sendTransaction: [Function: bound ],
        estimateGas: [Function: bound ],
        getData: [Function: bound ],
        'address,address': [Circular] },
     transferOwnership:
      { [Function: bound ]
        request: [Function: bound ],
        call: [Function: bound ],
        sendTransaction: [Function: bound ],
        estimateGas: [Function: bound ],
        getData: [Function: bound ],
        address: [Circular] },
     allEvents: [Function: bound ],
     Mint: { [Function: bound ] 'address,uint256': [Function: bound ] },
     MintFinished: { [Function: bound ] '': [Function: bound ] },
     OwnershipTransferred: { [Function: bound ] 'address,address': [Function: bound ] },
     Approval: { [Function: bound ] 'address,address,uint256': [Function: bound ] },
     Transfer: { [Function: bound ] 'address,address,uint256': [Function: bound ] } },
  mintingFinished:
   { [Function]
     call: [Function],
     sendTransaction: [Function],
     request: [Function: bound ],
     estimateGas: [Function] },
  name:
   { [Function]
     call: [Function],
     sendTransaction: [Function],
     request: [Function: bound ],
     estimateGas: [Function] },
  approve:
   { [Function]
     call: [Function],
     sendTransaction: [Function],
     request: [Function: bound ],
     estimateGas: [Function] },
  totalSupply:
   { [Function]
     call: [Function],
     sendTransaction: [Function],
     request: [Function: bound ],
     estimateGas: [Function] },
  transferFrom:
   { [Function]
     call: [Function],
     sendTransaction: [Function],
     request: [Function: bound ],
     estimateGas: [Function] },
  decimals:
   { [Function]
     call: [Function],
     sendTransaction: [Function],
     request: [Function: bound ],
     estimateGas: [Function] },
  mint:
   { [Function]
     call: [Function],
     sendTransaction: [Function],
     request: [Function: bound ],
     estimateGas: [Function] },
  decreaseApproval:
   { [Function]
     call: [Function],
     sendTransaction: [Function],
     request: [Function: bound ],
     estimateGas: [Function] },
  balanceOf:
   { [Function]
     call: [Function],
     sendTransaction: [Function],
     request: [Function: bound ],
     estimateGas: [Function] },
  finishMinting:
   { [Function]
     call: [Function],
     sendTransaction: [Function],
     request: [Function: bound ],
     estimateGas: [Function] },
  owner:
   { [Function]
     call: [Function],
     sendTransaction: [Function],
     request: [Function: bound ],
     estimateGas: [Function] },
  symbol:
   { [Function]
     call: [Function],
     sendTransaction: [Function],
     request: [Function: bound ],
     estimateGas: [Function] },
  transfer:
   { [Function]
     call: [Function],
     sendTransaction: [Function],
     request: [Function: bound ],
     estimateGas: [Function] },
  increaseApproval:
   { [Function]
     call: [Function],
     sendTransaction: [Function],
     request: [Function: bound ],
     estimateGas: [Function] },
  allowance:
   { [Function]
     call: [Function],
     sendTransaction: [Function],
     request: [Function: bound ],
     estimateGas: [Function] },
  transferOwnership:
   { [Function]
     call: [Function],
     sendTransaction: [Function],
     request: [Function: bound ],
     estimateGas: [Function] },
  Mint: { [Function: bound ] 'address,uint256': [Function: bound ] },
  MintFinished: { [Function: bound ] '': [Function: bound ] },
  OwnershipTransferred: { [Function: bound ] 'address,address': [Function: bound ] },
  Approval: { [Function: bound ] 'address,address,uint256': [Function: bound ] },
  Transfer: { [Function: bound ] 'address,address,uint256': [Function: bound ] },
  sendTransaction: [Function],
  send: [Function],
  allEvents: [Function: bound ],
  address: '0x345ca3e014aaf5dca488057592ee47305d9b3e10',
  transactionHash: null }
truffle(develop)> SahuCoinInstance.transferOwnership(crowdsale.address);
{ tx: '0x1d30fb0c3c5a7379831f466ff96daeb962e701e9066c8bcf1cb2bf3d20ac6c51',
  receipt:
   { transactionHash: '0x1d30fb0c3c5a7379831f466ff96daeb962e701e9066c8bcf1cb2bf3d20ac6c51',
     transactionIndex: 0,
     blockHash: '0xe734898359cd4b0a5472913aca849637f5f807ea1058a9456b0b853db599ce7e',
     blockNumber: 6,
     gasUsed: 30548,
     cumulativeGasUsed: 30548,
     contractAddress: null,
     logs: [ [Object] ],
     status: '0x01',
     logsBloom: '0x00000000000000000000000000000000000000000000000000800000000000000000000000000000000000000000000000000000000000000000000000000000000000000000000010800000000000000001000000010
000000000000000000000000000000000000000000000000000000000000000000000000000000000400000000000000000000000000000000000000000000000000000010000000002000000000000000000000000000000000000000000400
000000000000000000000000000000000000000000000000000000000000000004000000000000000000000000000000000000000000000000000000000000000000010000000000002' },
  logs:
   [ { logIndex: 0,
       transactionIndex: 0,
       transactionHash: '0x1d30fb0c3c5a7379831f466ff96daeb962e701e9066c8bcf1cb2bf3d20ac6c51',
       blockHash: '0xe734898359cd4b0a5472913aca849637f5f807ea1058a9456b0b853db599ce7e',
       blockNumber: 6,
       address: '0x345ca3e014aaf5dca488057592ee47305d9b3e10',
       type: 'mined',
       event: 'OwnershipTransferred',
       args: [Object] } ] }
truffle(develop)> SahuCoinInstance.balanceOf(purchaser).then(balance => balance.toString(10));
'0'
truffle(develop)> SahuCoinCrowdsale.deployed().then(inst => inst.sendTransaction({ from: purchaser, value: web3.toWei(5, "ether")}));
{ tx: '0x1669ccfc8329cf37527bc74416259ff1c18c553e61d5458d471cc74e6ec097e1',
  receipt:
   { transactionHash: '0x1669ccfc8329cf37527bc74416259ff1c18c553e61d5458d471cc74e6ec097e1',
     transactionIndex: 0,
     blockHash: '0x8cdeb07cc397c45168b9b9a8ad3fbd0b0959dbbaa444ece6eb3cc2ac3bc1acc3',
     blockNumber: 7,
     gasUsed: 99439,
     cumulativeGasUsed: 99439,
     contractAddress: null,
     logs: [ [Object], [Object], [Object] ],
     status: '0x01',
     logsBloom: '0x00000000000000000000010000000000010000004000000000000010000000000000000000000000008000000000000000000000000000000000000000000000000000000020000000000008000000000000000000010
080000000000000000000000000020000000000000000000800000000000000400000000010000000040000000000000000000000000000000000000000000000000000000000000000000080000000000000000000000000000000002000000
000000000000000000000000002000000000000000000000000000000000000004000000000000020000000000000000000000000000000000000000000000020000010000000000000' },
  logs:
   [ { logIndex: 2,
       transactionIndex: 0,
       transactionHash: '0x1669ccfc8329cf37527bc74416259ff1c18c553e61d5458d471cc74e6ec097e1',
       blockHash: '0x8cdeb07cc397c45168b9b9a8ad3fbd0b0959dbbaa444ece6eb3cc2ac3bc1acc3',
       blockNumber: 7,
       address: '0xf25186b5081ff5ce73482ad761db0eb0d25abfbf',
       type: 'mined',
       event: 'TokenPurchase',
       args: [Object] } ] }
truffle(develop)> SahuCoinInstance.balanceOf(purchaser).then(balance => purchaserGusTokenBalance = balance.toString(10));
'5000000000000000000000'
truffle(develop)> web3.fromWei(purchaserGusTokenBalance, "ether");
'5000'
truffle(develop)>